// Jest Snapshot v1, https://goo.gl/fbAQLP

exports[`it works 1`] = `
"\\"use strict\\";

Object.defineProperty(exports, \\"__esModule\\", {
  value: true
});
let thing = 0
/* one */
;
let otherThing = 1
/* thing */
;"
`;

exports[`it works if things change 1`] = `
"\\"use strict\\";

Object.defineProperty(exports, \\"__esModule\\", {
  value: true
});
let thing = 0
/* one */
;
let otherThing = 1
/* thing */
;"
`;

exports[`it works if things change 2`] = `
"\\"use strict\\";

Object.defineProperty(exports, \\"__esModule\\", {
  value: true
});
let thing = 2
/* three */
;
let otherThing = 2
/* oneMore */
;"
`;
